[    0.000000] Initializing cgroup subsys cpuset
[    0.000000] Initializing cgroup subsys cpu
[    0.000000] Initializing cgroup subsys cpuacct
[    0.000000] Linux version 4.4.0-165-generic (buildd@lgw01-amd64-027) (gcc version 5.4.0 20160609 (Ubuntu 5.4.0-6ubuntu1~16.04.10) ) #193-Ubuntu SMP Tue Sep 17 17:42:52 UTC 2019 (Ubuntu 4.4.0-165.193-generic 4.4.189)
[    0.000000] Command line: BOOT_IMAGE=/boot/vmlinuz-4.4.0-165-generic root=LABEL=cloudimg-rootfs ro console=tty1 console=ttyS0
[    0.000000] KERNEL supported cpus:
[    0.000000]   Intel GenuineIntel
[    0.000000]   AMD AuthenticAMD
[    0.000000]   Centaur CentaurHauls
[    0.000000] x86/fpu: xstate_offset[2]:  576, xstate_sizes[2]:  256
[    0.000000] x86/fpu: Supporting XSAVE feature 0x01: 'x87 floating point registers'
[    0.000000] x86/fpu: Supporting XSAVE feature 0x02: 'SSE registers'
[    0.000000] x86/fpu: Supporting XSAVE feature 0x04: 'AVX registers'
[    0.000000] x86/fpu: Enabled xstate features 0x7, context size is 832 bytes, using 'standard' format.
[    0.000000] e820: BIOS-provided physical RAM map:
[    0.000000] BIOS-e820: [mem 0x0000000000000000-0x000000000009fbff] usable
[    0.000000] BIOS-e820: [mem 0x000000000009fc00-0x000000000009ffff] reserved
[    0.000000] BIOS-e820: [mem 0x00000000000f0000-0x00000000000fffff] reserved
[    0.000000] BIOS-e820: [mem 0x0000000000100000-0x000000003ffeffff] usable
[    0.000000] BIOS-e820: [mem 0x000000003fff0000-0x000000003fffffff] ACPI data
[    0.000000] BIOS-e820: [mem 0x00000000fec00000-0x00000000fec00fff] reserved
[    0.000000] BIOS-e820: [mem 0x00000000fee00000-0x00000000fee00fff] reserved
[    0.000000] BIOS-e820: [mem 0x00000000fffc0000-0x00000000ffffffff] reserved
[    0.000000] NX (Execute Disable) protection: active
[    0.000000] SMBIOS 2.5 present.
[    0.000000] Hypervisor detected: KVM
[    0.000000] Kernel/User page tables isolation: disabled
[    0.000000] e820: last_pfn = 0x3fff0 max_arch_pfn = 0x400000000
[    0.000000] MTRR: Disabled
[    0.000000] x86/PAT: MTRRs disabled, skipping PAT initialization too.
[    0.000000] CPU MTRRs all blank - virtualized system.
[    0.000000] x86/PAT: Configuration [0-7]: WB  WT  UC- UC  WB  WT  UC- UC  
[    0.000000] found SMP MP-table at [mem 0x0009fff0-0x0009ffff] mapped at [ffff88000009fff0]
[    0.000000] Scanning 1 areas for low memory corruption
[    0.000000] RAMDISK: [mem 0x362fa000-0x37174fff]
[    0.000000] ACPI: Early table checksum verification disabled
[    0.000000] ACPI: RSDP 0x00000000000E0000 000024 (v02 VBOX  )
[    0.000000] ACPI: XSDT 0x000000003FFF0030 00003C (v01 VBOX   VBOXXSDT 00000001 ASL  00000061)
[    0.000000] ACPI: FACP 0x000000003FFF00F0 0000F4 (v04 VBOX   VBOXFACP 00000001 ASL  00000061)
[    0.000000] ACPI: DSDT 0x000000003FFF0470 0022EA (v02 VBOX   VBOXBIOS 00000002 INTL 20100528)
[    0.000000] ACPI: FACS 0x000000003FFF0200 000040
[    0.000000] ACPI: FACS 0x000000003FFF0200 000040
[    0.000000] ACPI: APIC 0x000000003FFF0240 00005C (v02 VBOX   VBOXAPIC 00000001 ASL  00000061)
[    0.000000] ACPI: SSDT 0x000000003FFF02A0 0001CC (v01 VBOX   VBOXCPUT 00000002 INTL 20100528)
[    0.000000] No NUMA configuration found
[    0.000000] Faking a node at [mem 0x0000000000000000-0x000000003ffeffff]
[    0.000000] NODE_DATA(0) allocated [mem 0x3ffeb000-0x3ffeffff]
[    0.000000] kvm-clock: Using msrs 4b564d01 and 4b564d00
[    0.000000] kvm-clock: cpu 0, msr 0:3ffe3001, primary cpu clock
[    0.000000] kvm-clock: using sched offset of 3225199793 cycles
[    0.000000] clocksource: kvm-clock: mask: 0xffffffffffffffff max_cycles: 0x1cd42e4dffb, max_idle_ns: 881590591483 ns
[    0.000000] Zone ranges:
[    0.000000]   DMA      [mem 0x0000000000001000-0x0000000000ffffff]
[    0.000000]   DMA32    [mem 0x0000000001000000-0x000000003ffeffff]
[    0.000000]   Normal   empty
[    0.000000]   Device   empty
[    0.000000] Movable zone start for each node
[    0.000000] Early memory node ranges
[    0.000000]   node   0: [mem 0x0000000000001000-0x000000000009efff]
[    0.000000]   node   0: [mem 0x0000000000100000-0x000000003ffeffff]
[    0.000000] Initmem setup node 0 [mem 0x0000000000001000-0x000000003ffeffff]
[    0.000000] ACPI: PM-Timer IO Port: 0x4008
[    0.000000] IOAPIC[0]: apic_id 2, version 32, address 0xfec00000, GSI 0-23
[    0.000000] ACPI: INT_SRC_OVR (bus 0 bus_irq 0 global_irq 2 dfl dfl)
[    0.000000] ACPI: INT_SRC_OVR (bus 0 bus_irq 9 global_irq 9 low level)
[    0.000000] Using ACPI (MADT) for SMP configuration information
[    0.000000] smpboot: Allowing 2 CPUs, 0 hotplug CPUs
[    0.000000] PM: Registered nosave memory: [mem 0x00000000-0x00000fff]
[    0.000000] PM: Registered nosave memory: [mem 0x0009f000-0x0009ffff]
[    0.000000] PM: Registered nosave memory: [mem 0x000a0000-0x000effff]
[    0.000000] PM: Registered nosave memory: [mem 0x000f0000-0x000fffff]
[    0.000000] e820: [mem 0x40000000-0xfebfffff] available for PCI devices
[    0.000000] Booting paravirtualized kernel on KVM
[    0.000000] clocksource: refined-jiffies: mask: 0xffffffff max_cycles: 0xffffffff, max_idle_ns: 7645519600211568 ns
[    0.000000] setup_percpu: NR_CPUS:512 nr_cpumask_bits:512 nr_cpu_ids:2 nr_node_ids:1
[    0.000000] PERCPU: Embedded 34 pages/cpu @ffff88003fc00000 s99544 r8192 d31528 u1048576
[    0.000000] Built 1 zonelists in Node order, mobility grouping on.  Total pages: 257912
[    0.000000] Policy zone: DMA32
[    0.000000] Kernel command line: BOOT_IMAGE=/boot/vmlinuz-4.4.0-165-generic root=LABEL=cloudimg-rootfs ro console=tty1 console=ttyS0
[    0.000000] PID hash table entries: 4096 (order: 3, 32768 bytes)
[    0.000000] Memory: 997732K/1048120K available (8621K kernel code, 1335K rwdata, 4032K rodata, 1484K init, 1284K bss, 50388K reserved, 0K cma-reserved)
[    0.000000] SLUB: HWalign=64, Order=0-3, MinObjects=0, CPUs=2, Nodes=1
[    0.000000] Hierarchical RCU implementation.
[    0.000000] 	Build-time adjustment of leaf fanout to 64.
[    0.000000] 	RCU restricting CPUs from NR_CPUS=512 to nr_cpu_ids=2.
[    0.000000] RCU: Adjusting geometry for rcu_fanout_leaf=64, nr_cpu_ids=2
[    0.000000] NR_IRQS:33024 nr_irqs:440 16
[    0.000000] Console: colour VGA+ 80x25
[    0.000000] console [tty1] enabled
[    0.000000] console [ttyS0] enabled
[    0.000000] tsc: Detected 1991.999 MHz processor
[    0.122470] Calibrating delay loop (skipped) preset value.. 3983.99 BogoMIPS (lpj=7967996)
[    0.123967] pid_max: default: 32768 minimum: 301
[    0.124715] ACPI: Core revision 20150930
[    0.126201] ACPI: 2 ACPI AML tables successfully acquired and loaded
[    0.127289] Security Framework initialized
[    0.127993] Yama: becoming mindful.
[    0.128608] AppArmor: AppArmor initialized
[    0.129330] Dentry cache hash table entries: 131072 (order: 8, 1048576 bytes)
[    0.130365] Inode-cache hash table entries: 65536 (order: 7, 524288 bytes)
[    0.131827] Mount-cache hash table entries: 2048 (order: 2, 16384 bytes)
[    0.132613] Mountpoint-cache hash table entries: 2048 (order: 2, 16384 bytes)
[    0.133795] Initializing cgroup subsys io
[    0.134435] Initializing cgroup subsys memory
[    0.135376] Initializing cgroup subsys devices
[    0.136064] Initializing cgroup subsys freezer
[    0.137014] Initializing cgroup subsys net_cls
[    0.137667] Initializing cgroup subsys perf_event
[    0.138240] Initializing cgroup subsys net_prio
[    0.138841] Initializing cgroup subsys hugetlb
[    0.139395] Initializing cgroup subsys pids
[    0.140947] mce: CPU supports 0 MCE banks
[    0.141521] Last level iTLB entries: 4KB 64, 2MB 8, 4MB 8
[    0.142133] Last level dTLB entries: 4KB 64, 2MB 0, 4MB 0, 1GB 4
[    0.142843] Spectre V1 : Mitigation: usercopy/swapgs barriers and __user pointer sanitization
[    0.143893] Spectre V2 : Mitigation: Enhanced IBRS
[    0.144462] Spectre V2 : Spectre v2 / SpectreRSB mitigation: Filling RSB on context switch
[    0.145545] Speculative Store Bypass: Vulnerable
[    0.148055] Freeing SMP alternatives memory: 36K
[    0.153018] ftrace: allocating 32318 entries in 127 pages
[    0.187888] smpboot: APIC(0) Converting physical 0 to logical package 0
[    0.188735] smpboot: Max logical packages: 1
[    0.189574] x2apic enabled
[    0.190186] Switched APIC routing to physical x2apic.
[    0.191762] ..TIMER: vector=0x30 apic1=0 pin1=2 apic2=-1 pin2=-1
[    0.297685] smpboot: CPU0: Intel(R) Core(TM) i7-8565U CPU @ 1.80GHz (family: 0x6, model: 0x8e, stepping: 0xc)
[    0.299245] Performance Events: unsupported p6 CPU model 142 no PMU driver, software events only.
[    0.305936] KVM setup paravirtual spinlock
[    0.307033] x86: Booting SMP configuration:
[    0.307692] .... node  #0, CPUs:      #1
[    0.308524] kvm-clock: cpu 1, msr 0:3ffe3041, secondary cpu clock
[    0.310303] mce: CPU supports 0 MCE banks
[    0.312684] x86: Booted up 1 node, 2 CPUs
[    0.313479] smpboot: Total of 2 processors activated (7967.99 BogoMIPS)
[    0.314729] devtmpfs: initialized
[    0.317380] evm: security.selinux
[    0.317963] evm: security.SMACK64
[    0.318650] evm: security.SMACK64EXEC
[    0.319289] evm: security.SMACK64TRANSMUTE
[    0.319952] evm: security.SMACK64MMAP
[    0.320689] evm: security.ima
[    0.321229] evm: security.capability
[    0.322007] clocksource: jiffies: mask: 0xffffffff max_cycles: 0xffffffff, max_idle_ns: 7645041785100000 ns
[    0.323473] futex hash table entries: 512 (order: 3, 32768 bytes)
[    0.324509] pinctrl core: initialized pinctrl subsystem
[    0.325428] RTC time: 19:32:11, date: 10/13/19
[    0.326811] NET: Registered protocol family 16
[    0.339938] cpuidle: using governor ladder
[    0.352713] cpuidle: using governor menu
[    0.353478] PCCT header not found.
[    0.354164] ACPI: bus type PCI registered
[    0.354747] acpiphp: ACPI Hot Plug PCI Controller Driver version: 0.5
[    0.355626] PCI: Using configuration type 1 for base access
[    0.368881] ACPI: Added _OSI(Module Device)
[    0.369500] ACPI: Added _OSI(Processor Device)
[    0.370273] ACPI: Added _OSI(3.0 _SCP Extensions)
[    0.371019] ACPI: Added _OSI(Processor Aggregator Device)
[    0.372238] ACPI: Executed 1 blocks of module-level executable AML code
[    0.374670] ACPI: Interpreter enabled
[    0.375349] ACPI: (supports S0 S5)
[    0.375909] ACPI: Using IOAPIC for interrupt routing
[    0.376709] PCI: Using host bridge windows from ACPI; if necessary, use "pci=nocrs" and report a bug
[    0.380362] ACPI: PCI Root Bridge [PCI0] (domain 0000 [bus 00-ff])
[    0.381432] acpi PNP0A03:00: _OSC: OS supports [ASPM ClockPM Segments MSI]
[    0.382666] acpi PNP0A03:00: _OSC: not requesting OS control; OS requires [ExtendedConfig ASPM ClockPM MSI]
[    0.384013] acpi PNP0A03:00: fail to add MMCONFIG information, can't access extended PCI configuration space under this bridge.
[    0.385645] PCI host bridge to bus 0000:00
[    0.386331] pci_bus 0000:00: root bus resource [io  0x0000-0x0cf7 window]
[    0.387423] pci_bus 0000:00: root bus resource [io  0x0d00-0xffff window]
[    0.388328] pci_bus 0000:00: root bus resource [mem 0x000a0000-0x000bffff window]
[    0.389464] pci_bus 0000:00: root bus resource [mem 0x40000000-0xfdffffff window]
[    0.390551] pci_bus 0000:00: root bus resource [bus 00-ff]
[    0.392414] pci 0000:00:01.1: legacy IDE quirk: reg 0x10: [io  0x01f0-0x01f7]
[    0.393415] pci 0000:00:01.1: legacy IDE quirk: reg 0x14: [io  0x03f6]
[    0.394301] pci 0000:00:01.1: legacy IDE quirk: reg 0x18: [io  0x0170-0x0177]
[    0.395157] pci 0000:00:01.1: legacy IDE quirk: reg 0x1c: [io  0x0376]
[    0.405442] pci 0000:00:07.0: quirk: [io  0x4000-0x403f] claimed by PIIX4 ACPI
[    0.413703] pci 0000:00:07.0: quirk: [io  0x4100-0x410f] claimed by PIIX4 SMB
[    0.419983] ACPI: PCI Interrupt Link [LNKA] (IRQs 5 9 10 *11)
[    0.421507] ACPI: PCI Interrupt Link [LNKB] (IRQs 5 9 *10 11)
[    0.422939] ACPI: PCI Interrupt Link [LNKC] (IRQs 5 *9 10 11)
[    0.424572] ACPI: PCI Interrupt Link [LNKD] (IRQs 5 9 10 *11)
[    0.426063] ACPI: Enabled 2 GPEs in block 00 to 07
[    0.427116] vgaarb: setting as boot device: PCI:0000:00:02.0
[    0.427871] vgaarb: device added: PCI:0000:00:02.0,decodes=io+mem,owns=io+mem,locks=none
[    0.429119] vgaarb: loaded
[    0.429669] vgaarb: bridge control possible 0000:00:02.0
[    0.430742] SCSI subsystem initialized
[    0.431440] ACPI: bus type USB registered
[    0.432094] usbcore: registered new interface driver usbfs
[    0.432948] usbcore: registered new interface driver hub
[    0.433944] usbcore: registered new device driver usb
[    0.435085] PCI: Using ACPI for IRQ routing
[    0.435975] NetLabel: Initializing
[    0.436602] NetLabel:  domain hash size = 128
[    0.437312] NetLabel:  protocols = UNLABELED CIPSOv4
[    0.438327] NetLabel:  unlabeled traffic allowed by default
[    0.439174] amd_nb: Cannot enumerate AMD northbridges
[    0.439942] clocksource: Switched to clocksource kvm-clock
[    0.445465] AppArmor: AppArmor Filesystem Enabled
[    0.446263] pnp: PnP ACPI init
[    0.447326] pnp: PnP ACPI: found 3 devices
[    0.457030] clocksource: acpi_pm: mask: 0xffffff max_cycles: 0xffffff, max_idle_ns: 2085701024 ns
[    0.458344] NET: Registered protocol family 2
[    0.459028] TCP established hash table entries: 8192 (order: 4, 65536 bytes)
[    0.459947] TCP bind hash table entries: 8192 (order: 5, 131072 bytes)
[    0.460808] TCP: Hash tables configured (established 8192 bind 8192)
[    0.461586] UDP hash table entries: 512 (order: 2, 16384 bytes)
[    0.462421] UDP-Lite hash table entries: 512 (order: 2, 16384 bytes)
[    0.463221] NET: Registered protocol family 1
[    0.463814] pci 0000:00:00.0: Limiting direct PCI/PCI transfers
[    0.464670] pci 0000:00:01.0: Activating ISA DMA hang workarounds
[    0.466063] Unpacking initramfs...
[    0.630031] Freeing initrd memory: 14828K
[    0.630748] clocksource: tsc: mask: 0xffffffffffffffff max_cycles: 0x396d4ffc055, max_idle_ns: 881590662783 ns
[    0.632704] platform rtc_cmos: registered platform RTC device (no PNP device found)
[    0.633959] Scanning for low memory corruption every 60 seconds
[    0.635172] audit: initializing netlink subsys (disabled)
[    0.636027] audit: type=2000 audit(1570995136.785:1): initialized
[    0.637409] Initialise system trusted keyring
[    0.638385] HugeTLB registered 2 MB page size, pre-allocated 0 pages
[    0.640340] zbud: loaded
[    0.641196] VFS: Disk quotas dquot_6.6.0
[    0.641980] VFS: Dquot-cache hash table entries: 512 (order 0, 4096 bytes)
[    0.643436] squashfs: version 4.0 (2009/01/31) Phillip Lougher
[    0.644675] fuse init (API version 7.23)
[    0.645585] Key type big_key registered
[    0.646580] Allocating IMA MOK and blacklist keyrings.
[    0.648806] Key type asymmetric registered
[    0.649737] Asymmetric key parser 'x509' registered
[    0.651646] Block layer SCSI generic (bsg) driver version 0.4 loaded (major 249)
[    0.653134] io scheduler noop registered
[    0.653904] io scheduler deadline registered (default)
[    0.654765] io scheduler cfq registered
[    0.655515] pci_hotplug: PCI Hot Plug PCI Core version: 0.5
[    0.656574] pciehp: PCI Express Hot Plug Controller Driver version: 0.4
[    0.657759] ACPI: AC Adapter [AC] (on-line)
[    0.658525] input: Power Button as /devices/LNXSYSTM:00/LNXPWRBN:00/input/input0
[    0.659865] ACPI: Power Button [PWRF]
[    0.660653] input: Sleep Button as /devices/LNXSYSTM:00/LNXSLPBN:00/input/input1
[    0.661832] ACPI: Sleep Button [SLPF]
[    0.662596] GHES: HEST is not enabled!
[    0.663080] ACPI: Battery Slot [BAT0] (battery present)
[    0.664114] Serial: 8250/16550 driver, 32 ports, IRQ sharing enabled
[    0.685845] 00:02: ttyS0 at I/O 0x3f8 (irq = 4, base_baud = 115200) is a 16550A
[    0.689330] Linux agpgart interface v0.103
[    0.690936] loop: module loaded
[    0.691743] scsi host0: ata_piix
[    0.692447] scsi host1: ata_piix
[    0.693015] ata1: PATA max UDMA/33 cmd 0x1f0 ctl 0x3f6 bmdma 0xd000 irq 14
[    0.693806] ata2: PATA max UDMA/33 cmd 0x170 ctl 0x376 bmdma 0xd008 irq 15
[    0.694854] libphy: Fixed MDIO Bus: probed
[    0.695393] tun: Universal TUN/TAP device driver, 1.6
[    0.696057] tun: (C) 1999-2004 Max Krasnyansky <maxk@qualcomm.com>
[    0.697042] PPP generic driver version 2.4.2
[    0.697631] ehci_hcd: USB 2.0 'Enhanced' Host Controller (EHCI) Driver
[    0.698396] ehci-pci: EHCI PCI platform driver
[    0.698953] ehci-platform: EHCI generic platform driver
[    0.699574] ohci_hcd: USB 1.1 'Open' Host Controller (OHCI) Driver
[    0.700416] ohci-pci: OHCI PCI platform driver
[    0.701026] ohci-platform: OHCI generic platform driver
[    0.701737] uhci_hcd: USB Universal Host Controller Interface driver
[    0.702480] i8042: PNP: PS/2 Controller [PNP0303:PS2K,PNP0f03:PS2M] at 0x60,0x64 irq 1,12
[    0.703891] serio: i8042 KBD port at 0x60,0x64 irq 1
[    0.704570] serio: i8042 AUX port at 0x60,0x64 irq 12
[    0.705273] mousedev: PS/2 mouse device common for all mice
[    0.706159] input: AT Translated Set 2 keyboard as /devices/platform/i8042/serio0/input/input2
[    0.707540] rtc_cmos rtc_cmos: rtc core: registered rtc_cmos as rtc0
[    0.708370] rtc_cmos rtc_cmos: alarms up to one day, 114 bytes nvram
[    0.709132] i2c /dev entries driver
[    0.709632] device-mapper: uevent: version 1.0.3
[    0.710254] device-mapper: ioctl: 4.34.0-ioctl (2015-10-28) initialised: dm-devel@redhat.com
[    0.711334] ledtrig-cpu: registered to indicate activity on CPUs
[    0.712285] NET: Registered protocol family 10
[    0.713121] NET: Registered protocol family 17
[    0.713719] Key type dns_resolver registered
[    0.714522] registered taskstats version 1
[    0.715057] Loading compiled-in X.509 certificates
[    0.716055] Loaded X.509 cert 'Build time autogenerated kernel key: 0ed82eac04367aa6426493b1389455ebf6830eaa'
[    0.717374] zswap: loaded using pool lzo/zbud
[    0.718891] Key type trusted registered
[    0.720935] Key type encrypted registered
[    0.721495] AppArmor: AppArmor sha1 policy hashing enabled
[    0.722137] ima: No TPM chip found, activating TPM-bypass!
[    0.722786] ima: Allocated hash algorithm: sha1
[    0.723445] evm: HMAC attrs: 0x1
[    0.728156]   Magic number: 7:495:546
[    0.728750] tty ttyS22: hash matches
[    0.729292] mem null: hash matches
[    0.729866] rtc_cmos rtc_cmos: setting system clock to 2019-10-13 19:32:11 UTC (1570995131)
[    0.731109] BIOS EDD facility v0.16 2004-Jun-25, 0 devices found
[    0.731854] EDD information not available.
[    0.860452] Freeing unused kernel memory: 1484K
[    0.863585] Write protecting the kernel read-only data: 14336k
[    0.867927] Freeing unused kernel memory: 1608K
[    0.870451] Freeing unused kernel memory: 64K
Loading, please wait...
starting version 229
[    0.887906] random: systemd-udevd: uninitialized urandom read (16 bytes read, 1 bits of entropy available)
[    0.888398] random: udevadm: uninitialized urandom read (16 bytes read, 1 bits of entropy available)
[    0.888411] random: udevadm: uninitialized urandom read (16 bytes read, 1 bits of entropy available)
[    0.893357] random: systemd-udevd: uninitialized urandom read (16 bytes read, 1 bits of entropy available)
[    0.893600] random: udevadm: uninitialized urandom read (16 bytes read, 1 bits of entropy available)
[    0.893628] random: udevadm: uninitialized urandom read (16 bytes read, 1 bits of entropy available)
[    0.893711] random: udevadm: uninitialized urandom read (16 bytes read, 1 bits of entropy available)
[    0.893742] random: udevadm: uninitialized urandom read (16 bytes read, 1 bits of entropy available)
[    0.893772] random: udevadm: uninitialized urandom read (16 bytes read, 1 bits of entropy available)
[    0.893802] random: udevadm: uninitialized urandom read (16 bytes read, 1 bits of entropy available)
[    0.921518] e1000: Intel(R) PRO/1000 Network Driver - version 7.3.21-k8-NAPI
[    0.922616] e1000: Copyright (c) 1999-2006 Intel Corporation.
[    0.925218] Fusion MPT base driver 3.04.20
[    0.926051] Copyright (c) 1999-2008 LSI Corporation
[    0.930948] Fusion MPT SPI Host driver 3.04.20
[    0.936215] AVX2 version of gcm_enc/dec engaged.
[    0.936994] AES CTR mode by8 optimization enabled
[    1.128880] input: ImExPS/2 Generic Explorer Mouse as /devices/platform/i8042/serio1/input/input4
[    1.291716] e1000 0000:00:03.0 eth0: (PCI:33MHz:32-bit) 02:0e:9b:2d:5b:92
[    1.292721] e1000 0000:00:03.0 eth0: Intel(R) PRO/1000 Network Connection
[    1.294242] mptbase: ioc0: Initiating bringup
[    1.356587] ioc0: LSI53C1030 A0: Capabilities={Initiator}
[    1.529926] scsi host2: ioc0: LSI53C1030 A0, FwRev=00000000h, Ports=1, MaxQ=256, IRQ=20
[    1.651400] scsi 2:0:0:0: Direct-Access     VBOX     HARDDISK         1.0  PQ: 0 ANSI: 5
[    1.658176] scsi target2:0:0: Beginning Domain Validation
[    1.667282] scsi target2:0:0: Domain Validation skipping write tests
[    1.669923] scsi target2:0:0: Ending Domain Validation
[    1.671944] scsi target2:0:0: asynchronous
[    1.674880] scsi 2:0:1:0: Direct-Access     VBOX     HARDDISK         1.0  PQ: 0 ANSI: 5
[    1.677316] scsi target2:0:1: Beginning Domain Validation
[    1.681850] scsi target2:0:1: Domain Validation skipping write tests
[    1.683392] scsi target2:0:1: Ending Domain Validation
[    1.684935] scsi target2:0:1: asynchronous
[    1.708547] sd 2:0:0:0: Attached scsi generic sg0 type 0
[    1.709735] sd 2:0:1:0: Attached scsi generic sg1 type 0
[    1.710736] sd 2:0:0:0: [sda] 20971520 512-byte logical blocks: (10.7 GB/10.0 GiB)
[    1.712083] sd 2:0:1:0: [sdb] 20480 512-byte logical blocks: (10.5 MB/10.0 MiB)
[    1.713558] sd 2:0:0:0: [sda] Write Protect is off
[    1.714425] sd 2:0:1:0: [sdb] Write Protect is off
[    1.715263] sd 2:0:0:0: [sda] Incomplete mode parameter data
[    1.716193] sd 2:0:0:0: [sda] Assuming drive cache: write through
[    1.717273] sd 2:0:1:0: [sdb] Incomplete mode parameter data
[    1.718584] sd 2:0:1:0: [sdb] Assuming drive cache: write through
[    1.728561]  sda: sda1
[    1.730563] sd 2:0:0:0: [sda] Attached SCSI disk
[    1.732002] sd 2:0:1:0: [sdb] Attached SCSI disk
[    1.991383] e1000 0000:00:08.0 eth1: (PCI:33MHz:32-bit) 08:00:27:2d:0a:52
[    1.992420] e1000 0000:00:08.0 eth1: Intel(R) PRO/1000 Network Connection
[    1.993889] e1000 0000:00:03.0 enp0s3: renamed from eth0
[    2.004310] e1000 0000:00:08.0 enp0s8: renamed from eth1
Begin: Loading essential drivers ... [    3.242650] md: linear personality registered for level -1
[    3.244782] md: multipath personality registered for level -4
[    3.246936] md: raid0 personality registered for level 0
[    3.249722] md: raid1 personality registered for level 1
[    3.320213] raid6: sse2x1   gen() 11028 MB/s
[    3.388100] raid6: sse2x1   xor()  8406 MB/s
[    3.456470] raid6: sse2x2   gen() 18184 MB/s
[    3.524036] raid6: sse2x2   xor() 12106 MB/s
[    3.592025] raid6: sse2x4   gen() 19170 MB/s
[    3.659990] raid6: sse2x4   xor() 11842 MB/s
[    3.728252] raid6: avx2x1   gen() 24928 MB/s
[    3.796041] raid6: avx2x2   gen() 28186 MB/s
[    3.864167] raid6: avx2x4   gen() 34988 MB/s
[    3.864951] raid6: using algorithm avx2x4 gen() 34988 MB/s
[    3.865721] raid6: using avx2x2 recovery algorithm
[    3.867518] xor: automatically using best checksumming function:
[    3.908458]    avx       : 29324.000 MB/sec
[    3.910118] async_tx: api initialized (async)
[    3.918840] md: raid6 personality registered for level 6
[    3.919652] md: raid5 personality registered for level 5
[    3.920567] md: raid4 personality registered for level 4
[    3.925423] md: raid10 personality registered for level 10
done.
Begin: Running /scripts/init-premount ... done.
Begin: Mounting root file system ... Begin: Running /scripts/local-top ... done.
Begin: Running /scripts/local-premount ... [    3.947062] Btrfs loaded
Scanning for Btrfs filesystems
done.
Warning: fsck not present, so skipping root file system
[    3.973412] EXT4-fs (sda1): mounted filesystem with ordered data mode. Opts: (null)
done.
Begin: Running /scripts/local-bottom ... done.
Begin: Running /scripts/init-bottom ... done.
[    4.099778] systemd[1]: systemd 229 running in system mode. (+PAM +AUDIT +SELINUX +IMA +APPARMOR +SMACK +SYSVINIT +UTMP +LIBCRYPTSETUP +GCRYPT +GNUTLS +ACL +XZ -LZ4 +SECCOMP +BLKID +ELFUTILS +KMOD -IDN)
[    4.102744] systemd[1]: Detected virtualization oracle.
[    4.103652] systemd[1]: Detected architecture x86-64.

Welcome to [1mUbuntu 16.04.6 LTS[0m!

[    4.119218] systemd[1]: Set hostname to <ubuntu-xenial>.
[    4.395637] systemd[1]: [/etc/systemd/system/snap-ngrok-16.mount:10] Unknown lvalue 'LazyUnmount' in section 'Mount'
[    4.407620] systemd[1]: Listening on Journal Socket (/dev/log).
[[0;32m  OK  [0m] Listening on Journal Socket (/dev/log).
[    4.409500] systemd[1]: Started Forward Password Requests to Wall Directory Watch.
[[0;32m  OK  [0m] Started Forward Password Requests to Wall Directory Watch.
[    4.412114] systemd[1]: Created slice User and Session Slice.
[[0;32m  OK  [0m] Created slice User and Session Slice.
[    4.414058] systemd[1]: Listening on udev Kernel Socket.
[[0;32m  OK  [0m] Listening on udev Kernel Socket.
[    4.415436] systemd[1]: Listening on LVM2 poll daemon socket.
[[0;32m  OK  [0m] Listening on LVM2 poll daemon socket.
[    4.416897] systemd[1]: Listening on Journal Audit Socket.
[[0;32m  OK  [0m] Listening on Journal Audit Socket.
[    4.418288] systemd[1]: Listening on Device-mapper event daemon FIFOs.
[[0;32m  OK  [0m] Listening on Device-mapper event daemon FIFOs.
[    4.419764] systemd[1]: Reached target User and Group Name Lookups.
[[0;32m  OK  [0m] Reached target User and Group Name Lookups.
[    4.421514] systemd[1]: Started Trigger resolvconf update for networkd DNS.
[[0;32m  OK  [0m] Started Trigger resolvconf update for networkd DNS.
[    4.423079] systemd[1]: Reached target System Time Synchronized.
[[0;32m  OK  [0m] Reached target System Time Synchronized.
[    4.424537] systemd[1]: Reached target Swap.
[[0;32m  OK  [0m] Reached target Swap.
[    4.425742] systemd[1]: Reached target Encrypted Volumes.
[[0;32m  OK  [0m] Reached target Encrypted Volumes.
[    4.427167] systemd[1]: Listening on udev Control Socket.
[[0;32m  OK  [0m] Listening on udev Control Socket.
[    4.428493] systemd[1]: Listening on LVM2 metadata daemon socket.
[[0;32m  OK  [0m] Listening on LVM2 metadata daemon socket.
[    4.430098] systemd[1]: Created slice System Slice.
[[0;32m  OK  [0m] Created slice System Slice.
[    4.431368] systemd[1]: Reached target Slices.
[[0;32m  OK  [0m] Reached target Slices.
[    4.432745] systemd[1]: Created slice system-serial\x2dgetty.slice.
[[0;32m  OK  [0m] Created slice system-serial\x2dgetty.slice.
[    4.434265] systemd[1]: Listening on Syslog Socket.
[[0;32m  OK  [0m] Listening on Syslog Socket.
[    4.435583] systemd[1]: Set up automount Arbitrary Executable File Formats File System Automount Point.
[[0;32m  OK  [0m] Set up automount Arbitrary Executab...ats File System Automount Point.
[    4.438029] systemd[1]: Listening on Journal Socket.
[[0;32m  OK  [0m] Listening on Journal Socket.
[    4.449481] systemd[1]: Starting Monitoring of LVM2 mirrors, snapshots etc. using dmeventd or progress polling...
         Starting Monitoring of LVM2 mirrors... dmeventd or progress polling...
[    4.452923] systemd[1]: Mounting POSIX Message Queue File System...
         Mounting POSIX Message Queue File System...
[    4.461332] systemd[1]: Starting Set console keymap...
         Starting Set console keymap...
[    4.469029] systemd[1]: Starting Uncomplicated firewall...
         Starting Uncomplicated firewall...
[    4.476512] systemd[1]: Starting Create list of required static device nodes for the current kernel...
         Starting Create list of required st... nodes for the current kernel...
[    4.484461] systemd[1]: Starting Journal Service...
         Starting Journal Service...
[    4.487171] ip_tables: (C) 2000-2006 Netfilter Core Team
[    4.493325] systemd[1]: Mounting Debug File System...
         Mounting Debug File System...
[    4.497719] systemd[1]: Starting Load Kernel Modules...
         Starting Load Kernel Modules...
[    4.500599] systemd[1]: Starting Remount Root and Kernel File Systems...
         Starting Remount Root and Kernel File Systems...
[    4.503585] systemd[1]: Mounting Huge Pages File System...
         Mounting Huge Pages File System...
[    4.506221] nf_conntrack version 0.5.0 (7935 buckets, 31740 max)
[    4.507275] Loading iSCSI transport class v2.0-870.
[    4.509241] systemd[1]: Starting Nameserver information manager...
         Starting Nameserver information manager...
[    4.513330] EXT4-fs (sda1): re-mounted. Opts: (null)
[    4.516009] iscsi: registered transport (tcp)
[    4.516570] systemd[1]: Listening on /dev/initctl Compatibility Named Pipe.
[[0;32m  OK  [0m] Listening on /dev/initctl Compatibility Named Pipe.
[    4.524878] ip6_tables: (C) 2000-2006 Netfilter Core Team
[    4.536795] systemd[1]: Mounted POSIX Message Queue File System.
[    4.538108] iscsi: registered transport (iser)
[[0;32m  OK  [0m] Mounted POSIX Message Queue File System.
[    4.539192] systemd[1]: Mounted Debug File System.
[[0;32m  OK  [0m] Mounted Debug File System.
[    4.540824] systemd[1]: Mounted Huge Pages File System.
[[0;32m  OK  [0m] Mounted Huge Pages File System.
[    4.542490] systemd[1]: Started Journal Service.
[[0;32m  OK  [0m] Started Journal Service.
[[0;32m  OK  [0m] Started Set console keymap.
[[0;32m  OK  [0m] Started Create list of required sta...ce nodes for the current kernel.
[[0;32m  OK  [0m] Started Load Kernel Modules.
[[0;32m  OK  [0m] Started Remount Root and Kernel File Systems.
[[0;32m  OK  [0m] Started Nameserver information manager.
[[0;32m  OK  [0m] Started LVM2 metadata daemon.
         Starting Load/Save Random Seed...
         Starting udev Coldplug all Devices...
         Mounting FUSE Control File System...
         Starting Apply Kernel Variables...
         Starting Create Static Device Nodes in /dev...
         Starting Flush Journal to Persistent Storage...
[[0;32m  OK  [0m] Mounted FUSE Control File System.
[[0;32m  OK  [0m] Started Uncomplicated firewall.
[[0;32m  OK  [0m] Started Load/Save Random Seed.
[[0;32m  OK  [0m] Started Apply Kernel Variables.
[[0;32m  OK  [0m] Started Create Static Device Nodes in /dev.
[[0;32m  OK  [0m] Started Flush Journal to Persistent Storage.
[[0;32m  OK  [0m] Started udev Coldplug all Devices.
         Starting udev Kernel Device Manager...
[[0;32m  OK  [0m] Started Monitoring of LVM2 mirrors,...ng dmeventd or progress polling.
[[0;32m  OK  [0m] Reached target Local File Systems (Pre).
         Mounting Mount unit for ngrok, revision 16...
[[0;32m  OK  [0m] Reached target Local File Systems.
         Starting Create Volatile Files and Directories...
         Starting LSB: AppArmor initialization...
         Starting Tell Plymouth To Write Out Runtime Data...
         Starting Set console font and keymap...
         Starting Initial cloud-init job (pre-networking)...
         Mounting Mount unit for core, revision 7917...
[[0;32m  OK  [0m] Mounted Mount unit for ngrok, revision 16.
[[0;32m  OK  [0m] Started udev Kernel Device Manager.
[[0;32m  OK  [0m] Started Create Volatile Files and Directories.
[[0;32m  OK  [0m] Started Tell Plymouth To Write Out Runtime Data.
[[0;32m  OK  [0m] Mounted Mount unit for core, revision 7917.
         Starting Update UTMP about System Boot/Shutdown...
[[0;32m  OK  [0m] Started Dispatch Password Requests to Console Directory Watch.
[[0;32m  OK  [0m] Started LSB: AppArmor initialization.
[[0;32m  OK  [0m] Found device /dev/ttyS0.
[[0;32m  OK  [0m] Started Update UTMP about System Boot/Shutdown.
[[0;32m  OK  [0m] Listening on Load/Save RF Kill Switch Status /dev/rfkill Watch.
[[0;32m  OK  [0m] Found device 82540EM Gigabit Ethern...r (PRO/1000 MT Desktop Adapter).
[[0;32m  OK  [0m] Found device 82540EM Gigabit Ethern...r (PRO/1000 MT Desktop Adapter).
[[0;32m  OK  [0m] Started Set console font and keymap.
[[0;32m  OK  [0m] Created slice system-getty.slice.
[    5.464478] cloud-init[563]: Cloud-init v. 19.2-36-g059d049c-0ubuntu1~16.04.1 running 'init-local' at Sun, 13 Oct 2019 19:32:16 +0000. Up 5.25 seconds.
[[0;32m  OK  [0m] Started Initial cloud-init job (pre-networking).
[[0;32m  OK  [0m] Reached target Network (Pre).
[[0;32m  OK  [0m] Started ifup for enp0s8.
         Starting Raise network interfaces...
[[0;32m  OK  [0m] Started ifup for enp0s3.
[[0;32m  OK  [0m] Started Raise network interfaces.
         Starting Initial cloud-init job (metadata service crawler)...
[[0;32m  OK  [0m] Reached target Network.
[    6.066475] cloud-init[1185]: Cloud-init v. 19.2-36-g059d049c-0ubuntu1~16.04.1 running 'init' at Sun, 13 Oct 2019 19:32:16 +0000. Up 5.90 seconds.
[    6.067802] cloud-init[1185]: ci-info: ++++++++++++++++++++++++++++++++++++++Net device info++++++++++++++++++++++++++++++++++++++
[    6.068961] cloud-init[1185]: ci-info: +--------+------+----------------------------+---------------+--------+-------------------+
[    6.070005] cloud-init[1185]: ci-info: | Device |  Up  |          Address           |      Mask     | Scope  |     Hw-Address    |
[    6.071299] cloud-init[1185]: ci-info: +--------+------+----------------------------+---------------+--------+-------------------+
[    6.072651] cloud-init[1185]: ci-info: | enp0s3 | True |         10.0.2.15          | 255.255.255.0 | global | 02:0e:9b:2d:5b:92 |
[    6.074021] cloud-init[1185]: ci-info: | enp0s3 | True | fe80::e:9bff:fe2d:5b92/64  |       .       |  link  | 02:0e:9b:2d:5b:92 |
[    6.075469] cloud-init[1185]: ci-info: | enp0s8 | True |       192.168.10.100       | 255.255.255.0 | global | 08:00:27:2d:0a:52 |
[    6.076734] cloud-init[1185]: ci-info: | enp0s8 | True | fe80::a00:27ff:fe2d:a52/64 |       .       |  link  | 08:00:27:2d:0a:52 |
[    6.078093] cloud-init[1185]: ci-info: |   lo   | True |         127.0.0.1          |   255.0.0.0   |  host  |         .         |
[    6.079449] cloud-init[1185]: ci-info: |   lo   | True |          ::1/128           |       .       |  host  |         .         |
[    6.080727] cloud-init[1185]: ci-info: +--------+------+----------------------------+---------------+--------+-------------------+
[    6.082075] cloud-init[1185]: ci-info: ++++++++++++++++++++++++++++Route IPv4 info++++++++++++++++++++++++++++
[    6.083252] cloud-init[1185]: ci-info: +-------+--------------+----------+---------------+-----------+-------+
[    6.084441] cloud-init[1185]: ci-info: | Route | Destination  | Gateway  |    Genmask    | Interface | Flags |
[    6.085621] cloud-init[1185]: ci-info: +-------+--------------+----------+---------------+-----------+-------+
[    6.086806] cloud-init[1185]: ci-info: |   0   |   0.0.0.0    | 10.0.2.2 |    0.0.0.0    |   enp0s3  |   UG  |
[    6.088003] cloud-init[1185]: ci-info: |   1   |   10.0.2.0   | 0.0.0.0  | 255.255.255.0 |   enp0s3  |   U   |
[    6.089189] cloud-init[1185]: ci-info: |   2   | 192.168.10.0 | 0.0.0.0  | 255.255.255.0 |   enp0s8  |   U   |
[    6.090357] cloud-init[1185]: ci-info: +-------+--------------+----------+---------------+-----------+-------+
[    6.091488] cloud-init[1185]: ci-info: +++++++++++++++++++Route IPv6 info+++++++++++++++++++
[    6.092487] cloud-init[1185]: ci-info: +-------+-------------+---------+-----------+-------+
[    6.093538] cloud-init[1185]: ci-info: | Route | Destination | Gateway | Interface | Flags |
[    6.094553] cloud-init[1185]: ci-info: +-------+-------------+---------+-----------+-------+
[    6.095581] cloud-init[1185]: ci-info: |   0   |  fe80::/64  |    ::   |   enp0s8  |   U   |
[    6.096661] cloud-init[1185]: ci-info: |   1   |  fe80::/64  |    ::   |   enp0s3  |   U   |
[    6.097705] cloud-init[1185]: ci-info: |   4   |   ff00::/8  |    ::   |   enp0s8  |   U   |
[    6.098695] cloud-init[1185]: ci-info: |   5   |   ff00::/8  |    ::   |   enp0s3  |   U   |
[    6.099715] cloud-init[1185]: ci-info: +-------+-------------+---------+-----------+-------+
[[0;32m  OK  [0m] Started Initial cloud-init job (metadata service crawler).
[[0;32m  OK  [0m] Reached target System Initialization.
         Starting Socket activation for snappy daemon.
[[0;32m  OK  [0m] Started ACPI Events Check.
[[0;32m  OK  [0m] Reached target Paths.
[[0;32m  OK  [0m] Listening on D-Bus System Message Bus Socket.
[[0;32m  OK  [0m] Listening on UUID daemon activation socket.
[[0;32m  OK  [0m] Started Daily Cleanup of Temporary Directories.
[[0;32m  OK  [0m] Listening on ACPID Listen Socket.
[[0;32m  OK  [0m] Started Daily apt download activities.
[[0;32m  OK  [0m] Started Daily apt upgrade and clean activities.
[[0;32m  OK  [0m] Reached target Timers.
         Starting LXD - unix socket.
[[0;32m  OK  [0m] Reached target Network is Online.
         Starting iSCSI initiator daemon (iscsid)...
[[0;32m  OK  [0m] Reached target Cloud-config availability.
[[0;32m  OK  [0m] Listening on Socket activation for snappy daemon.
[[0;32m  OK  [0m] Listening on LXD - unix socket.
[[0;32m  OK  [0m] Reached target Sockets.
[[0;32m  OK  [0m] Reached target Basic System.
         Starting A high performance web server and a reverse proxy server...
[[0;32m  OK  [0m] Started FUSE filesystem for LXC.
[[0;32m  OK  [0m] Started Regular background program processing daemon.
         Starting /etc/rc.local Compatibility...
[[0;32m  OK  [0m] Started Deferred execution scheduler.
[[0;32m  OK  [0m] Started ACPI event daemon.
         Starting LSB: MD monitoring daemon...
         Starting OpenBSD Secure Shell server...
         Starting Login Service...
         Starting LSB: Record successful boot for GRUB...
         Starting Snappy daemon...
         Starting System Logging Service...
[[0;32m  OK  [0m] Started D-Bus System Message Bus.
         Starting Accounts Service...
         Starting Virtualbox guest utils...
         Starting LXD - container startup/shutdown...
[[0;32m  OK  [0m] Started System Logging Service.
[[0;32m  OK  [0m] Started /etc/rc.local Compatibility.
[[0;32m  OK  [0m] Started iSCSI initiator daemon (iscsid).
[[0;32m  OK  [0m] Started OpenBSD Secure Shell server.
[[0;32m  OK  [0m] Started A high performance web server and a reverse proxy server.
[[0;32m  OK  [0m] Started LSB: Record successful boot for GRUB.
[[0;32m  OK  [0m] Started LSB: MD monitoring daemon.
[[0;32m  OK  [0m] Started Login Service.
[[0;32m  OK  [0m] Started Unattended Upgrades Shutdown.
         Starting Authenticate and Authorize Users to Run Privileged Tasks...
         Starting Login to default iSCSI targets...
[[0;32m  OK  [0m] Started Login to default iSCSI targets.
[[0;32m  OK  [0m] Started LXD - container startup/shutdown.
[[0;32m  OK  [0m] Reached target Remote File Systems (Pre).
[[0;32m  OK  [0m] Reached target Remote File Systems.
         Starting Permit User Sessions...
         Starting LSB: daemon to balance interrupts for SMP systems...
         Starting LSB: Set the CPU Frequency Scaling governor to "ondemand"...
         Starting LSB: automatic crash report generation...
         Starting LSB: Start Jenkins at boot time...
[[0;32m  OK  [0m] Started Virtualbox guest utils.
[[0;32m  OK  [0m] Started Permit User Sessions.
[[0;32m  OK  [0m] Started Authenticate and Authorize Users to Run Privileged Tasks.
[[0;32m  OK  [0m] Started Accounts Service.
         Starting Terminate Plymouth Boot Screen...
         Starting Hold until boot process finishes up...
[[0;32m  OK  [0m] Started LSB: daemon to balance interrupts for SMP systems.
[[0;32m  OK  [0m] Started Terminate Plymouth Boot Screen.
[[0;32m  OK  [0m] Started Hold until boot process finishes up.
[[0;32m  OK  [0m] Started Serial Getty on ttyS0.
[[0;32m  OK  [0m] Started Getty on tty1.
[[0;32m  OK  [0m] Reached target Login Prompts.
         Starting Set console scheme...
[[0;32m  OK  [0m] Started LSB: Set the CPU Frequency Scaling governor to "ondemand".
[[0;32m  OK  [0m] Started Set console scheme.
[[0;32m  OK  [0m] Started LSB: automatic crash report generation.
[[0;32m  OK  [0m] Created slice User Slice of jenkins.
         Starting User Manager for UID 112...
[[0;32m  OK  [0m] Started Session c1 of user jenkins.
[[0;32m  OK  [0m] Started User Manager for UID 112.
[[0;32m  OK  [0m] Started Snappy daemon.
         Starting Wait until snapd is fully seeded...
[[0;32m  OK  [0m] Started Wait until snapd is fully seeded.
         Starting Apply the settings specified in cloud-config...
[    7.544680] cloud-init[1522]: Cloud-init v. 19.2-36-g059d049c-0ubuntu1~16.04.1 running 'modules:config' at Sun, 13 Oct 2019 19:32:18 +0000. Up 7.44 seconds.
[[0;32m  OK  [0m] Started Apply the settings specified in cloud-config.
[[0;32m  OK  [0m] Started LSB: Start Jenkins at boot time.
[[0;32m  OK  [0m] Reached target Multi-User System.
[[0;32m  OK  [0m] Reached target Graphical Interface.
         Starting Update UTMP about System Runlevel Changes...
         Starting Execute cloud user/final scripts...
[[0;32m  OK  [0m] Started Update UTMP about System Runlevel Changes.
[    8.185127] cloud-init[1549]: Cloud-init v. 19.2-36-g059d049c-0ubuntu1~16.04.1 running 'modules:final' at Sun, 13 Oct 2019 19:32:19 +0000. Up 8.08 seconds.
[    8.193210] cloud-init[1549]: Cloud-init v. 19.2-36-g059d049c-0ubuntu1~16.04.1 finished at Sun, 13 Oct 2019 19:32:19 +0000. Datasource DataSourceNoCloud [seed=/dev/sdb][dsmode=net].  Up 8.17 seconds
[[0;32m  OK  [0m] Started Execute cloud user/final scripts.
[[0;32m  OK  [0m] Reached target Cloud-init target.

Ubuntu 16.04.6 LTS ubuntu-xenial ttyS0

ubuntu-xenial login: [ 4387.246038] e1000 0000:00:03.0 enp0s3: Detected Tx Unit Hang
[ 4387.246038]   Tx Queue             <0>
[ 4387.246038]   TDH                  <2b>
[ 4387.246038]   TDT                  <2d>
[ 4387.246038]   next_to_use          <2d>
[ 4387.246038]   next_to_clean        <2b>
[ 4387.246038] buffer_info[next_to_clean]
[ 4387.246038]   time_stamp           <1000f969e>
[ 4387.246038]   next_to_watch        <2c>
[ 4387.246038]   jiffies              <1000f98ac>
[ 4387.246038]   next_to_watch.status <0>
[ 4389.248169] e1000 0000:00:03.0 enp0s3: Detected Tx Unit Hang
[ 4389.248169]   Tx Queue             <0>
[ 4389.248169]   TDH                  <2b>
[ 4389.248169]   TDT                  <2d>
[ 4389.248169]   next_to_use          <2d>
[ 4389.248169]   next_to_clean        <2b>
[ 4389.248169] buffer_info[next_to_clean]
[ 4389.248169]   time_stamp           <1000f969e>
[ 4389.248169]   next_to_watch        <2c>
[ 4389.248169]   jiffies              <1000f9aa1>
[ 4389.248169]   next_to_watch.status <0>
[ 4390.579320] e1000 0000:00:03.0 enp0s3: Reset adapter
